0 verbose cli D:\nodejs\node.exe D:\nodejs\node_modules\npm\bin\npm-cli.js
1 info using npm@11.9.0
2 info using node@v24.14.0
3 silly config load:file:D:\nodejs\node_modules\npm\npmrc
4 silly config load:file:C:\Users\86137\Desktop\work\app\Yoom-App\frontend\.npmrc
5 silly config load:file:C:\Users\86137\.npmrc
6 silly config load:file:D:\nodejs\node_global\etc\npmrc
7 verbose title npm view @dcloudio/uni-mp-weixin@3.0.0-5000320260312001 version
8 verbose argv "view" "@dcloudio/uni-mp-weixin@3.0.0-5000320260312001" "version" "--cache" ".npm-cache"
9 verbose logfile logs-max:10 dir:C:\Users\86137\Desktop\work\app\Yoom-App\frontend\.npm-cache\_logs\2026-03-17T07_30_25_555Z-
10 verbose logfile C:\Users\86137\Desktop\work\app\Yoom-App\frontend\.npm-cache\_logs\2026-03-17T07_30_25_555Z-debug-0.log
11 silly logfile start cleaning logs, removing 1 files
12 silly logfile done cleaning log files
13 http fetch GET 200 https://registry.npmjs.org/@dcloudio%2funi-mp-weixin 1980ms (cache revalidated)
14 verbose cwd C:\Users\86137\Desktop\work\app\Yoom-App\frontend
15 verbose os Windows_NT 10.0.26200
16 verbose node v24.14.0
17 verbose npm  v11.9.0
18 verbose exit 0
19 info ok
