0 verbose cli D:\nodejs\node.exe D:\nodejs\node_modules\npm\bin\npm-cli.js
1 info using npm@11.9.0
2 info using node@v24.14.0
3 silly config load:file:D:\nodejs\node_modules\npm\npmrc
4 silly config load:file:C:\Users\86137\Desktop\work\app\Yoom-App\frontend\.npmrc
5 silly config load:file:C:\Users\86137\.npmrc
6 silly config load:file:D:\nodejs\node_global\etc\npmrc
7 verbose title npm install
8 verbose argv "install" "--cache" ".npm-cache" "--no-audit" "--no-fund"
9 verbose logfile logs-max:10 dir:C:\Users\86137\Desktop\work\app\Yoom-App\frontend\.npm-cache\_logs\2026-03-17T07_29_53_066Z-
10 verbose logfile C:\Users\86137\Desktop\work\app\Yoom-App\frontend\.npm-cache\_logs\2026-03-17T07_29_53_066Z-debug-0.log
11 silly logfile done cleaning log files
12 silly packumentCache heap:2348810240 maxSize:587202560 maxEntrySize:293601280
13 silly idealTree buildDeps
14 silly fetch manifest @dcloudio/uni-app@2.0.2-5000320260312001
15 silly packumentCache full:https://registry.npmjs.org/@dcloudio%2funi-app cache-miss
16 http cache https://registry.npmjs.org/@dcloudio%2funi-app 41ms (cache hit)
17 silly packumentCache full:https://registry.npmjs.org/@dcloudio%2funi-app set size:8595646 disposed:false
18 silly fetch manifest @dcloudio/types@3.4.29
19 silly packumentCache full:https://registry.npmjs.org/@dcloudio%2ftypes cache-miss
20 http cache https://registry.npmjs.org/@dcloudio%2ftypes 14ms (cache hit)
21 silly packumentCache full:https://registry.npmjs.org/@dcloudio%2ftypes set size:502202 disposed:false
22 silly fetch manifest @vue/composition-api@^1.7.0
23 silly packumentCache full:https://registry.npmjs.org/@vue%2fcomposition-api cache-miss
24 http fetch GET 200 https://registry.npmjs.org/@vue%2fcomposition-api 1412ms (cache miss)
25 silly packumentCache full:https://registry.npmjs.org/@vue%2fcomposition-api set size:undefined disposed:false
26 silly fetch manifest vue@3.4.21
27 silly packumentCache full:https://registry.npmjs.org/vue cache-miss
28 http cache https://registry.npmjs.org/vue 20ms (cache hit)
29 silly packumentCache full:https://registry.npmjs.org/vue set size:2008300 disposed:false
30 silly fetch manifest vue@>= 2.5 < 2.7
31 silly packumentCache full:https://registry.npmjs.org/vue cache-miss
32 http cache https://registry.npmjs.org/vue 10ms (cache hit)
33 silly packumentCache full:https://registry.npmjs.org/vue set size:2008300 disposed:false
34 silly fetch manifest typescript@*
35 silly packumentCache full:https://registry.npmjs.org/typescript cache-miss
36 http cache https://registry.npmjs.org/typescript 36ms (cache hit)
37 silly packumentCache full:https://registry.npmjs.org/typescript set size:15362277 disposed:false
38 verbose stack Error: unable to resolve dependency tree
38 verbose stack     at #failPeerConflict (D:\nodejs\node_modules\npm\node_modules\@npmcli\arborist\lib\arborist\build-ideal-tree.js:1402:25)
38 verbose stack     at #loadPeerSet (D:\nodejs\node_modules\npm\node_modules\@npmcli\arborist\lib\arborist\build-ideal-tree.js:1368:33)
38 verbose stack     at async #loadPeerSet (D:\nodejs\node_modules\npm\node_modules\@npmcli\arborist\lib\arborist\build-ideal-tree.js:1336:11)
38 verbose stack     at async #buildDepStep (D:\nodejs\node_modules\npm\node_modules\@npmcli\arborist\lib\arborist\build-ideal-tree.js:916:11)
38 verbose stack     at async Arborist.buildIdealTree (D:\nodejs\node_modules\npm\node_modules\@npmcli\arborist\lib\arborist\build-ideal-tree.js:170:7)
38 verbose stack     at async Promise.all (index 1)
38 verbose stack     at async Arborist.reify (D:\nodejs\node_modules\npm\node_modules\@npmcli\arborist\lib\arborist\reify.js:110:5)
38 verbose stack     at async Install.exec (D:\nodejs\node_modules\npm\lib\commands\install.js:151:5)
38 verbose stack     at async Npm.exec (D:\nodejs\node_modules\npm\lib\npm.js:208:9)
38 verbose stack     at async module.exports (D:\nodejs\node_modules\npm\lib\cli\entry.js:67:5)
39 error code ERESOLVE
40 error ERESOLVE unable to resolve dependency tree
41 error
42 error While resolving: yoom-app-frontend@1.0.0
42 error Found: vue@3.4.21[2m[22m
42 error [2mnode_modules/vue[22m
42 error   vue@"3.4.21" from the root project
42 error
42 error Could not resolve dependency:
42 error [95mpeer[39m vue@">= 2.5 < 2.7" from @vue/composition-api@1.7.2[2m[22m
42 error [2mnode_modules/@vue/composition-api[22m
42 error   [95mpeer[39m @vue/composition-api@"^1.7.0" from @dcloudio/uni-app@2.0.2-5000320260312001[2m[22m
42 error   [2mnode_modules/@dcloudio/uni-app[22m
42 error     @dcloudio/uni-app@"2.0.2-5000320260312001" from the root project
42 error
42 error Fix the upstream dependency conflict, or retry
42 error this command with --force or --legacy-peer-deps
42 error to accept an incorrect (and potentially broken) dependency resolution.
43 error
43 error
43 error For a full report see:
43 error C:\Users\86137\Desktop\work\app\Yoom-App\frontend\.npm-cache\_logs\2026-03-17T07_29_53_066Z-eresolve-report.txt
44 silly unfinished npm timer reify 1773732593621
45 silly unfinished npm timer reify:loadTrees 1773732593625
46 silly unfinished npm timer idealTree:buildDeps 1773732593641
47 silly unfinished npm timer idealTree:#root 1773732593641
48 verbose cwd C:\Users\86137\Desktop\work\app\Yoom-App\frontend
49 verbose os Windows_NT 10.0.26200
50 verbose node v24.14.0
51 verbose npm  v11.9.0
52 verbose exit 1
53 verbose code 1
54 error A complete log of this run can be found in: C:\Users\86137\Desktop\work\app\Yoom-App\frontend\.npm-cache\_logs\2026-03-17T07_29_53_066Z-debug-0.log
